62 hardcoded color lines

2: --green-900: #123524;
3: --green-800: #175430;
4: --green-700: #1c7a44;
5: --green-600: #249e56;
6: --green-500: #2fb566;
7: --green-100: #dff2e5;
8: --green-50: #eff8f2;
9: --ink: #17251d;
10: --ink-soft: #55665c;
11: --ink-faint: #7d8c83;
12: --line: #e3eae5;
13: --line-soft: #edf2ee;
14: --bg: #f6f9f7;
15: --card: #ffffff;
16: --danger: #d24a43;
17: --amber: #a8730d;
18: --amber-bg: #fdf5e4;
27: --modal-bg: rgba(255, 255, 255, 0.96);
28: --topbar-bg: rgba(255, 255, 255, 0.88);
29: --card-bg: rgba(255, 255, 255, 0.86);
30: --card-border: #eaf1ec;
31: --card-hover-border: #cfe2d6;
32: --orb-bg: rgba(255, 255, 255, 0.92);
34: --select-opt-bg: #fff;
40: --green-900: #2fb566;
41: --green-800: #249e56;
42: --green-700: #1c7a44;
43: --green-600: #1c7a44;
44: --green-500: #2fb566;
45: --green-100: #1a3d2a;
46: --green-50: #1e3f2c;
47: --ink: #e8f0ea;
48: --ink-soft: #a8b8ae;
49: --ink-faint: #7a8a80;
50: --line: #2a3d34;
51: --line-soft: #1f3029;
52: --bg: #0f1916;
53: --card: #1a2a24;
54: --danger: #e57373;
55: --amber: #d4a04a;
56: --amber-bg: #2a2218;
57: --overlay: rgba(0, 0, 0, 0.6);
61: --card-border: #2a3d34;
62: --card-hover-border: #3a5248;
64: --close-x-bg: #1a2a24;
65: --select-opt-bg: #1a2a24;
66: --shadow-sm: 0 0 0 1px rgba(0, 0, 0, 0.2), 0 4px 14px rgba(0, 0, 0, 0.3);
67: --shadow: 0 1px 2px rgba(0, 0, 0, 0.3), 0 10px 26px rgba(0, 0, 0, 0.4);
68: --shadow-lg: 0 20px 50px rgba(0, 0, 0, 0.5);
245: color: #fff;
291: background: linear-gradient(100deg, var(--green-600) 15%, #3fae74 85%);
452: border-color: #f3e3bd;
484: color: #fff;
601: color: #fff;
1157: color: #fff;
1198: background: linear-gradient(90deg, #edf2ee 25%, #f6f9f6 50%, #edf2ee 75%);
1463: border: 2px solid #b9cdbc;
1477: color: #fff;
1783: border-color: #e5b4b0;
1784: background: #fdf0ef;
1785: color: #8f2f2a;
1885: color: #fff;