TOTAL DECLARATIONS WITH COLOUR LITERALS: 47

    2 | /* ================================================= | --green-900: #123524   <<< #123524
    3 | /* ================================================= | --green-800: #175430   <<< #175430
    4 | /* ================================================= | --green-700: #1c7a44   <<< #1c7a44
    5 | /* ================================================= | --green-600: #249e56   <<< #249e56
    6 | /* ================================================= | --green-500: #2fb566   <<< #2fb566
    7 | /* ================================================= | --green-100: #dff2e5   <<< #dff2e5
    8 | /* ================================================= | --green-50: #eff8f2   <<< #eff8f2
    9 | /* ================================================= | --ink: #17251d   <<< #17251d
   10 | /* ================================================= | --ink-soft: #55665c   <<< #55665c
   11 | /* ================================================= | --ink-faint: #7d8c83   <<< #7d8c83
   12 | /* ================================================= | --line: #e3eae5   <<< #e3eae5
   13 | /* ================================================= | --line-soft: #edf2ee   <<< #edf2ee
   14 | /* ================================================= | --bg: #f6f9f7   <<< #f6f9f7
   15 | /* ================================================= | --card: #ffffff   <<< #ffffff
   16 | /* ================================================= | --danger: #d24a43   <<< #d24a43
   17 | /* ================================================= | --amber: #a8730d   <<< #a8730d
   18 | /* ================================================= | --amber-bg: #fdf5e4   <<< #fdf5e4
   23 | /* ================================================= | --shadow-sm: 0 0 0 1px rgba(18, 48, 34, 0.03), 0 4px 14px rgba(18, 48, 34, 0.05)   <<< rgba(18, 48, 34, 0.03) rgba(18, 48, 34, 0.05)
   24 | /* ================================================= | --shadow: 0 1px 2px rgba(18, 48, 34, 0.05), 0 10px 26px rgba(18, 48, 34, 0.06)   <<< rgba(18, 48, 34, 0.05) rgba(18, 48, 34, 0.06)
   25 | /* ================================================= | --shadow-lg: 0 20px 50px rgba(18, 48, 34, 0.14)   <<< rgba(18, 48, 34, 0.14)
   26 | /* ================================================= | --overlay: rgba(14, 26, 19, 0.5)   <<< rgba(14, 26, 19, 0.5)
   27 | /* ================================================= | --modal-bg: rgba(255, 255, 255, 0.96)   <<< rgba(255, 255, 255, 0.96)
   28 | /* ================================================= | --topbar-bg: rgba(255, 255, 255, 0.88)   <<< rgba(255, 255, 255, 0.88)
   29 | /* ================================================= | --card-bg: rgba(255, 255, 255, 0.86)   <<< rgba(255, 255, 255, 0.86)
   30 | /* ================================================= | --card-border: #eaf1ec   <<< #eaf1ec
   31 | /* ================================================= | --card-hover-border: #cfe2d6   <<< #cfe2d6
   32 | /* ================================================= | --orb-bg: rgba(255, 255, 255, 0.92)   <<< rgba(255, 255, 255, 0.92)
   34 | /* ================================================= | --select-opt-bg: #fff   <<< #fff
   80 | body                                                 | background: radial-gradient(1000px 460px at 88% -12%, rgba(36, 158, 86, 0.07), transparent 62%),   <<< rgba(36, 158, 86, 0.07) rgba(36, 158, 86, 0.045)
  245 | .btn-primary                                         | color: #fff   <<< #fff
  246 | .btn-primary                                         | box-shadow: 0 2px 8px rgba(36, 158, 86, 0.28)   <<< rgba(36, 158, 86, 0.28)
  250 | .btn-primary:hover                                   | box-shadow: 0 3px 12px rgba(36, 158, 86, 0.34)   <<< rgba(36, 158, 86, 0.34)
  291 | .hero h1 em                                          | background: linear-gradient(100deg, var(--green-600) 15%, #3fae74 85%)   <<< #3fae74
  452 | .tag.warn                                            | border-color: #f3e3bd   <<< #f3e3bd
  484 | .pill.active                                         | color: #fff   <<< #fff
  601 | .save-btn.on                                         | color: #fff   <<< #fff
  825 | .field select:focus,.filter-bar select:focus,.hero-s | box-shadow: 0 0 0 3px rgba(36, 158, 86, 0.16)   <<< rgba(36, 158, 86, 0.16)
 1157 | .toast                                               | color: #fff   <<< #fff
 1198 | .skeleton                                            | background: linear-gradient(90deg, #edf2ee 25%, #f6f9f6 50%, #edf2ee 75%)   <<< #edf2ee #f6f9f6 #edf2ee
 1463 | .prog-check .check-box                               | border: 2px solid #b9cdbc   <<< #b9cdbc
 1477 | .prog-check.on .check-box::after                     | color: #fff   <<< #fff
 1670 | select:focus, input:focus                            | box-shadow: 0 0 0 3px rgba(47,181,102,0.16)   <<< rgba(47,181,102,0.16)
 1783 | .why-badge.no                                        | border-color: #e5b4b0   <<< #e5b4b0
 1784 | .why-badge.no                                        | background: #fdf0ef   <<< #fdf0ef
 1785 | .why-badge.no                                        | color: #8f2f2a   <<< #8f2f2a
 1844 | .hero-select:focus                                   | box-shadow: 0 0 0 3px rgba(47,181,102,0.16)   <<< rgba(47,181,102,0.16)
 1885 | .match-badge                                         | color: #fff   <<< #fff