L252: .btn-outline {
L319: .orb {
L996: .modal {
L1137: .modal {
L1151: .toast {
L1166: .toast.err {
L1196: .skeleton {
L1211: .skeleton .sk-row {
L1217: .skeleton .sk-row.w60 {
L1220: .skeleton .sk-row.w40 {
L1223: .skeleton .sk-logo {
L1236: .filter-bar {
L1289: .filter-bar {
L1326: .orb {
L1332: .modal {
L1347: .orb {
L1360: .site-footer {
L1525: .filter-bar {
L1561: .btn-outline:hover {
L1566: .btn-ghost {
L1570: .btn-ghost:hover {
L2037: .filter-bar {
L2058: .filter-bar {
L2090: .topbar {
L2093: .modal {