10 [inksoft] --ink-soft: #55665c;
15 [hex-white] --card: #ffffff;
27 [white-rgba] --modal-bg: rgba(255, 255, 255, 0.96);
28 [white-rgba] --topbar-bg: rgba(255, 255, 255, 0.88);
29 [white-rgba] --card-bg: rgba(255, 255, 255, 0.86);
32 [white-rgba] --orb-bg: rgba(255, 255, 255, 0.92);
34 [hex-white] --select-opt-bg: #fff;
48 [stray-hex] --ink-soft: #a8b8ae;
167 [inksoft] color: var(--ink-soft);
179 [green100] background: var(--green-100);
195 [inksoft] color: var(--ink-soft);
245 [hex-white] color: #fff;
269 [green100] background: var(--green-100);
270 [green-text] color: var(--green-800);
300 [inksoft] color: var(--ink-soft);
331 [inksoft] color: var(--ink-soft);
385 [inksoft] color: var(--ink-soft);
398 [inksoft] color: var(--ink-soft);
415 [inksoft] color: var(--ink-soft);
436 [green-text] color: var(--green-800);
437 [green100] border: 1px solid var(--green-100);
446 [inksoft] color: var(--ink-soft);
472 [inksoft] color: var(--ink-soft);
484 [hex-white] color: #fff;
492 [inksoft] color: var(--ink-soft);
532 [green-text] color: var(--green-700);
537 [inksoft] color: var(--ink-soft);
554 [inksoft] color: var(--ink-soft);
566 [green100] background: var(--green-100);
567 [green-text] color: var(--green-800);
595 [green-text] color: var(--green-700);
601 [hex-white] color: #fff;
608 [inksoft] color: var(--ink-soft);
618 [inksoft] color: var(--ink-soft);
656 [green100] background: var(--green-100);
675 [green-text] color: var(--green-700);
679 [green100] border: 1px solid var(--green-100);
689 [inksoft] color: var(--ink-soft);
694 [inksoft] color: var(--ink-soft);
705 [green100] background: var(--green-100);
753 [green100] background: var(--green-100);
754 [green-text] color: var(--green-800);
765 [inksoft] color: var(--ink-soft);
861 [green-text] color: var(--green-700);
866 [inksoft] color: var(--ink-soft);
897 [green100] background: var(--green-100);
898 [green-text] color: var(--green-700);
907 [inksoft] color: var(--ink-soft);
925 [inksoft] color: var(--ink-soft);
932 [inksoft] color: var(--ink-soft);
959 [green-text] color: var(--green-700);
1027 [inksoft] color: var(--ink-soft);
1033 [green100] background: var(--green-100);
1091 [green-text] color: var(--green-800);
1095 [inksoft] color: var(--ink-soft);
1157 [hex-white] color: #fff;
1185 [inksoft] color: var(--ink-soft);
1365 [inksoft] color: var(--ink-soft);
1409 [inksoft] color: var(--ink-soft);
1422 [inksoft] color: var(--ink-soft);
1477 [hex-white] color: #fff;
1563 [green-text] color: var(--green-800);
1568 [inksoft] color: var(--ink-soft);
1610 [green-text] color: var(--green-700);
1779 [green-text] color: var(--green-800);
1885 [hex-white] color: #fff;
1913 [green-text] color: var(--green-800);
1927 [green100] background: var(--green-100);
1936 [inksoft] color: var(--ink-soft);
2000 [inksoft] color: var(--ink-soft);
2003 [green-text] color: var(--green-700);
2101 [green-text] color: var(--green-800);