39: [data-theme="dark"] {
201: .theme-toggle:hover {
206: .theme-toggle:focus-visible {
210: .theme-toggle svg {
418: input, select {
816: [data-theme="dark"] .field select,[data-theme="dark"] .filter-bar select,[data-theme="dark"] .hero-select,[data-theme="dark"] select.select-lg {
1236: .filter-bar {
1239: .filter-bar .q-field {
1242: .filter-bar .field-actions {
1289: .filter-bar {
1292: .filter-bar .q-field, .filter-bar .field-actions {
1360: .site-footer {
1368: .footer-inner {
1376: .footer-brand {
1385: .footer-note {
1389: .footer-links {
1395: .footer-links a {
1398: .footer-copy {
1525: .filter-bar {
1537: .filter-bar .q-field {
1625: select {
2037: .filter-bar {
2058: .filter-bar {