L1: /* ============================================================ Internix — Student Internship Discovery + Company Directory Design
L7: --green-100: #dff2e5;
L8: --green-50: #eff8f2;
L13: --line-soft: #edf2ee;
L14: --bg: #f6f9f7;
L15: --card: #ffffff;
L18: --amber-bg: #fdf5e4;
L27: --modal-bg: rgba(255, 255, 255, 0.96);
L28: --topbar-bg: rgba(255, 255, 255, 0.88);
L29: --card-bg: rgba(255, 255, 255, 0.86);
L32: --orb-bg: rgba(255, 255, 255, 0.92);
L34: --select-opt-bg: #fff;
L124: white-space: nowrap;
L171: white-space: nowrap;
L245: color: #fff;
L484: color: #fff;
L601: color: #fff;
L663: white-space: nowrap;
L811: white-space: nowrap;
L833: white-space: normal;
L1157: color: #fff;
L1198: background: linear-gradient(90deg, #edf2ee 25%, #f6f9f6 50%, #edf2ee 75%);
L1463: border: 2px solid #b9cdbc;
L1477: color: #fff;
L1645: white-space: nowrap;
L1658: white-space: normal;
L1716: white-space: nowrap;
L1784: background: #fdf0ef;
L1834: white-space: nowrap;
L1847: white-space: normal;
L1885: color: #fff;
L2109: white-space: normal;
L2113: white-space: normal;