  12  #fff
   3  #edf2ee
   2  rgba(18, 48, 34, 0.05)
   2  #cfe2d6
   2  #e7ede8
   2  rgba(47,181,102,0.16)
   1  #123524
   1  #175430
   1  #1c7a44
   1  #249e56
   1  #2fb566
   1  #dff2e5
   1  #eff8f2
   1  #17251d
   1  #55665c
   1  #7d8c83
   1  #e3eae5
   1  #f6f9f7
   1  #ffffff
   1  #d24a43
   1  #a8730d
   1  #fdf5e4
   1  rgba(18, 48, 34, 0.03)
   1  rgba(18, 48, 34, 0.06)
   1  rgba(18, 48, 34, 0.14)
   1  rgba(36, 158, 86, 0.07)
   1  rgba(36, 158, 86, 0.045)
   1  rgba(255, 255, 255, 0.88)
   1  rgba(36, 158, 86, 0.28)
   1  rgba(36, 158, 86, 0.34)
   1  #3fae74
   1  rgba(255, 255, 255, 0.92)
   1  #f3e3bd
   1  rgba(36, 158, 86, 0.16)
   1  rgba(14, 26, 19, 0.5)
   1  #f6f9f6
   1  #b9cdbc
   1  rgba(255, 255, 255, 0.9)
   1  #e5b4b0
   1  #fdf0ef
   1  #8f2f2a
   1  rgba(255, 255, 255, 0.86)
   1  #eaf1ec
   1  rgba(255, 255, 255, 0.72)
   1  rgba(255, 255, 255, 0.96)

=== APP.JS LITERALS ===
   1  #128205
   1  #8599
   1  #8250
   1  #9733

BASE lines=927