1: /* ============================================================ Internix — Student Internship Discovery + Company Directory Design system: green/white identity, Space Grotesk (display) + Inter (body). Modern, minimal, student-friendly. ============================================================ */:root
39: [data-theme="dark"]
70: *
75: html
78: body
89: main
96: /* ------------------------------ topbar ------------------------------ */.topbar
106: .topbar-inner
115: .logo
127: .logo:hover
130: .logo .mark
140: .logo:hover .mark
143: .logo .mark.sm
150: fill the square mark (contain = never stretched/cropped) and follow the container radius. */.logo .mark img
156: .topnav
161: .topnav .link
173: .topnav .link:hover
178: .topnav .link.active
183: .topbar .spacer
186: /* Theme toggle button */.theme-toggle
201: .theme-toggle:hover
206: .theme-toggle:focus-visible
210: .theme-toggle svg
215: .nav-toggle
218: /* ------------------------------ buttons ------------------------------ */.btn
237: .btn:hover
240: .btn:active
243: .btn-primary
248: .btn-primary:hover
252: .btn-outline
257: /* ------------------------------ hero ------------------------------ */.hero
263: .hero-eyebrow
276: .hero-eyebrow .dot
282: .hero h1
289: .hero h1 em
296: .hero-sub
303: .hero-ctas
309: .hero-ctas .btn
314: /* floating mini-cards (subtle) */.hero-orbs
319: .orb
335: .orb .dot
342: .orb.o1
347: .orb.o2
352: .orb.o3
357: .orb.o4
362: @keyframes floaty
363: 0%, 100%
366: 50%
370: /* ------------------------------ sections ------------------------------ */.section
373: .section-head
381: .section-head h2
384: .section-note
388: .section-note a
391: .page-head
394: .page-head h1
397: .page-sub
402: .link
405: /* ------------------------------ forms ------------------------------ */.field label
413: .hint
418: input, select
429: input:focus, select:focus
433: /* ------------------------------ tags / pills ------------------------------ */.tag
444: .tag.neutral
449: .tag.warn
454: .tag-row
460: .pills
465: .pill
477: .pill:hover
481: .pill.active
486: .prog-bubble
498: .prog-bubble:hover
503: /* ------------------------------ cards ------------------------------ */.opp-card, .company-card
514: .opp-card:hover, .company-card:hover
519: .opp-card-top
524: .opp-position
531: .opp-company
536: .opp-meta
541: .opp-meta.loc
546: .opp-actions
553: .card-desc
557: .muted
560: .logo-badge
575: .logo-badge img
580: .save-btn
593: .save-btn:hover
598: .save-btn.on
603: /* card address line */.card-addr
611: /* ------------------------------ match results ------------------------------ */.result-count
625: .result-count strong
628: .match-list
633: .match-card
644: .match-card:hover
648: .match-card-top
655: .match-badge
670: .match-badge .lbl
677: .why-box
684: .why-label
692: .why-text
696: .score
701: .score .bar
709: .score .bar i
717: /* match tiers */.tier-section
720: .tier-head
727: .tier-title
735: .tier-dot
741: .tier-best .tier-dot
744: .tier-good .tier-dot
747: .tier-potential .tier-dot
750: .tier-count
759: .tier-good .tier-count
763: .tier-potential .tier-count
768: .tier-blurb
772: /* ---------- program multi-select (Find My Matches) ---------- */.prog-check-grid
778: .prog-check
791: /* ---------- modern dropdown system (fix text overlap, narrow widths) ---------- */.field select,.filter-bar select,.hero-select,select.select-lg
816: [data-theme="dark"] .field select,[data-theme="dark"] .filter-bar select,[data-theme="dark"] .hero-select,[data-theme="dark"] select.select-lg
819: .field select:hover,.filter-bar select:hover,.hero-select:hover,select.select-lg:hover
823: .field select:focus,.filter-bar select:focus,.hero-select:focus,select.select-lg:focus
829: .field select option,.filter-bar select option,.hero-select option,select.select-lg option
838: select.select-lg,.hero-select
843: /* ------------------------------ stats / features ------------------------------ */.stats-row
849: .stat-card
857: .stat-card .num
865: .stat-card .lbl
870: .feature-row
875: /* Comfortable, intentional gap between "Browse by Program" and the Discover / Match by program / Apply on the Source cards on the landing page. */.landing-features
878: .browse-section
881: .feature-card
889: .feature-card:hover
893: .feature-card .icon
906: .feature-card p
911: .how-it-works
920: .how-it-works ol
928: .how-it-works h2
931: .how-it-works p
936: .about-grid
941: /* ------------------------------ company detail (modal) ------------------------------ */.detail-head
947: .detail-head .logo-badge
953: .detail-head h2
958: .detail-industry
964: .detail-loc
970: .detail-loc .card-addr
973: .section-label
981: /* ------------------------------ modal / toast ------------------------------ */.modal-overlay
993: .modal-overlay[hidden]
996: .modal
1007: @keyframes modal-in
1008: from
1012: to
1017: .modal .close-x
1032: .modal .close-x:hover
1036: .modal h2
1040: /* --- redesigned View Details sheet --- */.modal-overlay
1043: @keyframes overlay-in
1044: from
1047: to
1051: .detail-sheet
1054: .detail-head
1059: .detail-logo
1074: .detail-logo img
1079: .detail-name
1087: .detail-role
1093: .detail-desc
1099: .detail-address
1107: .detail-address .d-ico
1110: .detail-progs, .detail-openings
1113: .detail-label
1122: .detail-cta
1129: .detail-note
1133: .detail-openings .d-chevy
1136: @media (max-width: 520px)
1137: .modal
1140: .detail-logo
1144: .detail-name
1147: .detail-role
1151: .toast
1166: .toast.err
1169: @keyframes toast-in
1170: from
1174: to
1179: /* ------------------------------ states ------------------------------ */.empty
1188: .empty h3
1193: .empty p
1196: .skeleton
1203: @keyframes sk
1204: 0%
1207: 100%
1211: .skeleton .sk-row
1217: .skeleton .sk-row.w60
1220: .skeleton .sk-row.w40
1223: .skeleton .sk-logo
1229: /* ------------------------------ footer ------------------------------ *//* ------------------------------ responsive ------------------------------ */@media (max-width: 1024px)
1230: .grid-3
1233: .feature-row
1236: .filter-bar
1239: .filter-bar .q-field
1242: .filter-bar .field-actions
1247: @media (max-width: 900px)
1248: .hero-ctas .btn
1251: .stats-row
1255: @media (max-width: 760px)
1256: .topbar-inner
1261: .nav-toggle
1274: .topnav
1282: .topnav.open
1285: .topnav .link
1289: .filter-bar
1292: .filter-bar .q-field, .filter-bar .field-actions
1295: .location-row
1298: .grid-2
1301: .stats-row
1305: .match-card-top
1308: .info-row .k
1312: @media (max-width: 640px)
1313: main
1316: .grid-3, .feature-row
1319: .hero
1322: .hero-ctas .btn
1326: .orb
1329: .match-list
1332: .modal
1335: .detail-head
1338: .match-badge
1342: .match-badge .lbl
1346: @media (prefers-reduced-motion: reduce)
1347: .orb
1350: .opp-card:hover, .company-card:hover, .match-card:hover, .feature-card:hover
1353: .match-card-top .score .bar i
1356: html
1360: .site-footer
1368: .footer-inner
1376: .footer-brand
1385: .footer-note
1389: .footer-links
1395: .footer-links a
1398: .footer-copy
1402: .section-label::after
1408: .detail-desc
1412: .info-row
1420: .info-row .k
1426: .info-row .v
1430: .verify-grid
1435: .modal-actions
1442: .modal-footnote
1447: .prog-check:hover
1450: .prog-check.on
1454: .prog-check input
1459: .prog-check .check-box
1471: .prog-check.on .check-box
1475: .prog-check.on .check-box::after
1481: .prog-check .check-label
1484: .card-addr .pin
1488: /* small opportunity rows (inside company detail) */.small-opp-list
1492: .small-opp
1503: .small-opp:last-child
1506: .small-opp:hover
1509: .small-opp .opp-position
1512: /* --- multi-program checkbox (accessible native control) --- */.prog-multi
1517: .prog-multi summary
1525: .filter-bar
1537: .filter-bar .q-field
1540: .field-actions
1546: .location-row
1551: /* ------------------------------ grids ------------------------------ */.grid
1555: .grid-2
1558: .grid-3
1561: .btn-outline:hover
1566: .btn-ghost
1570: .btn-ghost:hover
1574: .btn-lg
1579: .btn-sm
1585: .btn-block
1588: .btn:disabled
1592: h1, h2, h3
1597: h1
1601: h2
1605: h3
1609: a
1613: a:hover
1616: img
1619: ::placeholder
1622: /* ============================================================ Shared layout & control polish Completes the design system for the current app.js templates (hero form, program bubbles, form rows, match/check lists and empty states) and keeps the whole site centered and consistent. ============================================================ *//* --- comfortable, full-width form controls (never browser-default) --- */select, input, textarea
1625: select
1649: select::-ms-expand
1652: select option
1660: select:hover
1663: .field select, .filter-bar select,.field input, .filter-bar input
1667: select:focus, input:focus
1672: .select-lg
1678: /* Multi-program picker: checkbox dropdown, one centralized control used by Find My Matches */.multi-select
1682: .multi-select-btn
1706: .multi-select-btn:hover
1709: .multi-select-btn:focus-visible
1713: .multi-select-btn .ms-label
1720: .multi-select-panel
1734: .multi-select-panel[hidden]
1737: .ms-option
1748: .ms-option:hover
1751: .ms-option input
1758: .ms-option span
1762: /* Match explanation badges: WHY a company matched (program / location) */.why-badges
1768: .why-badge
1782: .why-badge.no
1787: .why-badge .tick
1790: /* --- landing hero program form --- */.hero-program-form
1799: .hero-program-form label
1804: .hero-select-row
1812: .hero-select
1838: .hero-select:hover
1841: .hero-select:focus
1846: .hero-select option
1849: .hero-program-form .btn
1853: .prog-bubbles
1860: .prog-bubble
1863: /* Match cards: consistent badges + grouped openings (no duplicate company spam) */.match-list
1868: .match-card
1875: .match-card-top
1880: .match-badge
1889: .match-badge .pct
1895: .match-badge .lbl
1901: .why-box
1908: .why-label
1916: .tag-row
1922: .tag
1934: .tag.neutral
1939: .opp-actions
1945: /* --- landing hero CTA row (template uses the singular .hero-cta) --- */.hero-cta
1952: .hero-cta .btn
1957: /* Landing location (optional) block — kept apart from the CTA row below. */.hero-loc-block
1962: .hero-loc-block > label
1970: .hero-loc-block .hint
1974: /* --- two-up form row (Find My Matches) --- */.form-row
1980: .form-row .field
1983: .card-narrow
1987: /* --- matches view container + reason checklist --- */.match-summary
1990: .check-list
1998: .check-list li
2002: .check-list li.ok
2005: .check-list li.no
2008: .check-list li.part
2011: /* --- empty state icon (saved / no results) --- */.empty-icon
2018: /* --- guarantee comfortable click targets on card action rows --- */.opp-actions .btn, .match-card .btn
2021: /* --- responsive refinements for the new pieces --- */@media (max-width: 1024px)
2022: .hero-select-row
2027: .hero-select
2031: .hero-program-form .btn
2034: .form-row
2037: .filter-bar
2041: @media (max-width: 760px)
2042: .form-row
2045: .hero-select
2051: .hero-cta .btn
2055: .prog-bubbles
2058: .filter-bar
2062: .field-actions
2066: .field-actions .btn
2069: select, .multi-select-btn
2073: .match-card-top
2076: .match-badge
2080: /* ============================================================ Cozy + modern polish — soft glass surfaces, refined borders, gentle hover feedback. Tasteful green accents, no gimmicks. ============================================================ */.opp-card, .company-card, .match-card, .feature-card,.how-it-works, .stat-card, .detail-card, .match-summary .filter-bar
2086: .opp-card:hover, .company-card:hover, .match-card:hover, .feature-card:hover
2090: .topbar
2093: .modal
2098: /* optgroup headers inside grouped location dropdowns — clear Bulacan vs Metro */select optgroup
2104: select optgroup option
2111: select option
2115: /* Slightly roomier, friendlier inputs */input, select
2118: :focus-visible